To honour the JVM settings for this build a single-use Daemon process will be forked. For more on this, please refer to https://docs.gradle.org/8.2/userguide/gradle_daemon.html#sec:disabling_the_daemon in the Gradle documentation.
Daemon will be stopped at the end of the build 
> Task :clean UP-TO-DATE
> Task :app:clean
> Task :app:preBuild UP-TO-DATE
> Task :app:preReleaseBuild UP-TO-DATE
> Task :app:generateReleaseResValues FROM-CACHE
> Task :app:mapReleaseSourceSetPaths
> Task :app:generateReleaseResources UP-TO-DATE
> Task :app:mergeReleaseResources FROM-CACHE
> Task :app:createReleaseCompatibleScreenManifests
> Task :app:extractDeepLinksRelease FROM-CACHE
> Task :app:processReleaseMainManifest FROM-CACHE
> Task :app:processReleaseManifest
> Task :app:processApplicationManifestReleaseForBundle
> Task :app:packageReleaseResources FROM-CACHE
> Task :app:parseReleaseLocalResources FROM-CACHE
> Task :app:checkReleaseAarMetadata
> Task :app:processReleaseManifestForPackage FROM-CACHE
> Task :app:checkReleaseDuplicateClasses
> Task :app:buildKotlinToolingMetadata
> Task :app:checkKotlinGradlePluginConfigurationErrors
> Task :app:dataBindingMergeDependencyArtifactsRelease
> Task :app:javaPreCompileRelease FROM-CACHE
> Task :app:dataBindingGenBaseClassesRelease FROM-CACHE
> Task :app:desugarReleaseFileDependencies FROM-CACHE
> Task :app:mergeExtDexRelease FROM-CACHE
> Task :app:mergeReleaseShaders FROM-CACHE
> Task :app:compileReleaseShaders NO-SOURCE
> Task :app:generateReleaseAssets UP-TO-DATE
> Task :app:mergeReleaseAssets FROM-CACHE
> Task :app:mergeReleaseJniLibFolders FROM-CACHE
> Task :app:mergeReleaseNativeLibs NO-SOURCE
> Task :app:stripReleaseDebugSymbols NO-SOURCE
> Task :app:writeReleaseAppMetadata
> Task :app:mergeReleaseArtProfile
> Task :app:collectReleaseDependencies
> Task :app:configureReleaseDependencies
> Task :app:extractReleaseNativeSymbolTables NO-SOURCE
> Task :app:parseReleaseIntegrityConfig UP-TO-DATE
> Task :app:validateSigningRelease
> Task :app:processReleaseResources
> Task :app:bundleReleaseResources FROM-CACHE
> Task :app:compileReleaseKotlin FROM-CACHE
> Task :app:compileReleaseJavaWithJavac FROM-CACHE
> Task :app:dexBuilderRelease FROM-CACHE
> Task :app:mergeDexRelease FROM-CACHE
> Task :app:mergeReleaseGlobalSynthetics FROM-CACHE
> Task :app:processReleaseJavaRes
> Task :app:compileReleaseArtProfile FROM-CACHE
> Task :app:mergeReleaseJavaResource
> Task :app:buildReleasePreBundle
> Task :app:packageReleaseBundle
> Task :app:signReleaseBundle
> Task :app:produceReleaseBundleIdeListingFile
> Task :app:createReleaseBundleListingFileRedirect
> Task :app:bundleRelease

BUILD SUCCESSFUL in 1m 43s
46 actionable tasks: 23 executed, 21 from cache, 2 up-to-date
